// Jest Snapshot v1, https://goo.gl/fbAQLP

exports[`AudioRecorderManager exports 1`] = `
Object {
  "prepareRecordingAtPath": [Function],
  "startRecording": [Function],
  "stopRecording": [Function],
}
`;
